{
  "version": "1.5.0",
  "plugins_used": [
    {
      "name": "ArtifactoryDetector"
    },
    {
      "name": "AWSKeyDetector"
    },
    {
      "name": "AzureStorageKeyDetector"
    },
    {
      "name": "Base64HighEntropyString",
      "limit": 4.5
    },
    {
      "name": "BasicAuthDetector"
    },
    {
      "name": "CloudantDetector"
    },
    {
      "name": "DiscordBotTokenDetector"
    },
    {
      "name": "GitHubTokenDetector"
    },
    {
      "name": "GitLabTokenDetector"
    },
    {
      "name": "HexHighEntropyString",
      "limit": 3.0
    },
    {
      "name": "IbmCloudIamDetector"
    },
    {
      "name": "IbmCosHmacDetector"
    },
    {
      "name": "IPPublicDetector"
    },
    {
      "name": "JwtTokenDetector"
    },
    {
      "name": "KeywordDetector",
      "keyword_exclude": ""
    },
    {
      "name": "MailchimpDetector"
    },
    {
      "name": "NpmDetector"
    },
    {
      "name": "OpenAIDetector"
    },
    {
      "name": "PrivateKeyDetector"
    },
    {
      "name": "PypiTokenDetector"
    },
    {
      "name": "SendGridDetector"
    },
    {
      "name": "SlackDetector"
    },
    {
      "name": "SoftlayerDetector"
    },
    {
      "name": "SquareOAuthDetector"
    },
    {
      "name": "StripeDetector"
    },
    {
      "name": "TelegramBotTokenDetector"
    },
    {
      "name": "TwilioKeyDetector"
    }
  ],
  "filters_used": [
    {
      "path": "detect_secrets.filters.allowlist.is_line_allowlisted"
    },
    {
      "path": "detect_secrets.filters.common.is_ignored_due_to_verification_policies",
      "min_level": 2
    },
    {
      "path": "detect_secrets.filters.heuristic.is_indirect_reference"
    },
    {
      "path": "detect_secrets.filters.heuristic.is_likely_id_string"
    },
    {
      "path": "detect_secrets.filters.heuristic.is_lock_file"
    },
    {
      "path": "detect_secrets.filters.heuristic.is_not_alphanumeric_string"
    },
    {
      "path": "detect_secrets.filters.heuristic.is_potential_uuid"
    },
    {
      "path": "detect_secrets.filters.heuristic.is_prefixed_with_dollar_sign"
    },
    {
      "path": "detect_secrets.filters.heuristic.is_sequential_string"
    },
    {
      "path": "detect_secrets.filters.heuristic.is_swagger_file"
    },
    {
      "path": "detect_secrets.filters.heuristic.is_templated_secret"
    }
  ],
  "results": {
    ".env.docker": [
      {
        "type": "Secret Keyword",
        "filename": ".env.docker",
        "hashed_secret": "c3499c2729730a7f807efb8676a92dcb6f8a3f8f",
        "is_verified": false,
        "line_number": 5
      },
      {
        "type": "Secret Keyword",
        "filename": ".env.docker",
        "hashed_secret": "3b39937724c1584572630644390e1e45bcf7a0b5",
        "is_verified": false,
        "line_number": 8
      }
    ],
    ".yarn/releases/yarn-4.12.0.cjs": [
      {
        "type": "Secret Keyword",
        "filename": ".yarn/releases/yarn-4.12.0.cjs",
        "hashed_secret": "3c3b274d119ff5a5ec6c1e215c1cb794d9973ac1",
        "is_verified": false,
        "line_number": 147
      },
      {
        "type": "Base64 High Entropy String",
        "filename": ".yarn/releases/yarn-4.12.0.cjs",
        "hashed_secret": "1d278d3c888d1a2fa7eed622bfc02927ce4049af",
        "is_verified": false,
        "line_number": 148
      },
      {
        "type": "Base64 High Entropy String",
        "filename": ".yarn/releases/yarn-4.12.0.cjs",
        "hashed_secret": "12071319d0f23ac7619ac2050cc4f288e0f2a295",
        "is_verified": false,
        "line_number": 191
      },
      {
        "type": "Secret Keyword",
        "filename": ".yarn/releases/yarn-4.12.0.cjs",
        "hashed_secret": "9af3842326eadff7d85a55edfec67f6d8a3a259f",
        "is_verified": false,
        "line_number": 247
      },
      {
        "type": "Base64 High Entropy String",
        "filename": ".yarn/releases/yarn-4.12.0.cjs",
        "hashed_secret": "7ee781a38ddc5819624f1a6552437ac02e156ec9",
        "is_verified": false,
        "line_number": 322
      },
      {
        "type": "Base64 High Entropy String",
        "filename": ".yarn/releases/yarn-4.12.0.cjs",
        "hashed_secret": "ab9dce98d67207d265a48462446fc848ddec96f7",
        "is_verified": false,
        "line_number": 322
      },
      {
        "type": "Base64 High Entropy String",
        "filename": ".yarn/releases/yarn-4.12.0.cjs",
        "hashed_secret": "472ef7e01008a41ad6c3a9b0930ea604f0b0ba2b",
        "is_verified": false,
        "line_number": 404
      },
      {
        "type": "Base64 High Entropy String",
        "filename": ".yarn/releases/yarn-4.12.0.cjs",
        "hashed_secret": "6fce10cc83f4b8e65b3695487d178e051bc42743",
        "is_verified": false,
        "line_number": 404
      },
      {
        "type": "Base64 High Entropy String",
        "filename": ".yarn/releases/yarn-4.12.0.cjs",
        "hashed_secret": "b612e11ef40986078ad08c82653220b6d969c553",
        "is_verified": false,
        "line_number": 404
      },
      {
        "type": "Base64 High Entropy String",
        "filename": ".yarn/releases/yarn-4.12.0.cjs",
        "hashed_secret": "2f93fdf5efd8988531345f53aa6e850903d3d09d",
        "is_verified": false,
        "line_number": 539
      },
      {
        "type": "Base64 High Entropy String",
        "filename": ".yarn/releases/yarn-4.12.0.cjs",
        "hashed_secret": "535fa6d9d262a7e8b003ca52be45d3f0db2d0866",
        "is_verified": false,
        "line_number": 539
      },
      {
        "type": "Base64 High Entropy String",
        "filename": ".yarn/releases/yarn-4.12.0.cjs",
        "hashed_secret": "bb2493326db73320353978bee6d383385e49eca0",
        "is_verified": false,
        "line_number": 539
      },
      {
        "type": "Hex High Entropy String",
        "filename": ".yarn/releases/yarn-4.12.0.cjs",
        "hashed_secret": "92bf970fbfbcc024a0dc74f879871b3cad344ab8",
        "is_verified": false,
        "line_number": 583
      },
      {
        "type": "Secret Keyword",
        "filename": ".yarn/releases/yarn-4.12.0.cjs",
        "hashed_secret": "92bf970fbfbcc024a0dc74f879871b3cad344ab8",
        "is_verified": false,
        "line_number": 583
      },
      {
        "type": "Hex High Entropy String",
        "filename": ".yarn/releases/yarn-4.12.0.cjs",
        "hashed_secret": "a1f9bee0d4a9474a6e447dd7899be066acaac2ae",
        "is_verified": false,
        "line_number": 734
      }
    ],
    "CLAUDE.md": [
      {
        "type": "Basic Auth Credentials",
        "filename": "CLAUDE.md",
        "hashed_secret": "c3499c2729730a7f807efb8676a92dcb6f8a3f8f",
        "is_verified": false,
        "line_number": 278
      }
    ],
    "README.docker.md": [
      {
        "type": "Basic Auth Credentials",
        "filename": "README.docker.md",
        "hashed_secret": "c3499c2729730a7f807efb8676a92dcb6f8a3f8f",
        "is_verified": false,
        "line_number": 37
      }
    ],
    "docs/plans/2026-02-24-storybook-stories.md": [
      {
        "type": "Secret Keyword",
        "filename": "docs/plans/2026-02-24-storybook-stories.md",
        "hashed_secret": "b57fa0798cf182195d00866158f0f022ad324741",
        "is_verified": false,
        "line_number": 1610
      }
    ],
    "public/mockServiceWorker.js": [
      {
        "type": "Hex High Entropy String",
        "filename": "public/mockServiceWorker.js",
        "hashed_secret": "992fb17b2709e520bb55b00bf985b02964b806cf",
        "is_verified": false,
        "line_number": 11
      }
    ],
    "src/api/auth.test.ts": [
      {
        "type": "Secret Keyword",
        "filename": "src/api/auth.test.ts",
        "hashed_secret": "cbfdac6008f9cab4083784cbd1874f76618d2a97",
        "is_verified": false,
        "line_number": 21
      },
      {
        "type": "Secret Keyword",
        "filename": "src/api/auth.test.ts",
        "hashed_secret": "9d4e1e23bd5b727046a9e3b4b7db57bd8d6ee684",
        "is_verified": false,
        "line_number": 50
      },
      {
        "type": "Secret Keyword",
        "filename": "src/api/auth.test.ts",
        "hashed_secret": "d8ecf7db8fc9ec9c31bc5c9ae2929cc599c75f8d",
        "is_verified": false,
        "line_number": 118
      }
    ],
    "src/components/Settings/TwoFactorSetup.story.tsx": [
      {
        "type": "Secret Keyword",
        "filename": "src/components/Settings/TwoFactorSetup.story.tsx",
        "hashed_secret": "b57fa0798cf182195d00866158f0f022ad324741",
        "is_verified": false,
        "line_number": 21
      }
    ],
    "src/locales/en.json": [
      {
        "type": "Secret Keyword",
        "filename": "src/locales/en.json",
        "hashed_secret": "8be3c943b1609fffbfc51aad666d0a04adf83c9d",
        "is_verified": false,
        "line_number": 37
      },
      {
        "type": "Secret Keyword",
        "filename": "src/locales/en.json",
        "hashed_secret": "26d745d486c184abc5adcceda1c21022ff9a3fd3",
        "is_verified": false,
        "line_number": 38
      },
      {
        "type": "Secret Keyword",
        "filename": "src/locales/en.json",
        "hashed_secret": "4c29f7f0335807c2524d8c36d531496aee23f473",
        "is_verified": false,
        "line_number": 40
      },
      {
        "type": "Secret Keyword",
        "filename": "src/locales/en.json",
        "hashed_secret": "ff2e944349d925ad3ef129fffa9181517330c139",
        "is_verified": false,
        "line_number": 47
      },
      {
        "type": "Secret Keyword",
        "filename": "src/locales/en.json",
        "hashed_secret": "c2d404cb7bad34de0af2136b8efa809ea96170fa",
        "is_verified": false,
        "line_number": 77
      },
      {
        "type": "Secret Keyword",
        "filename": "src/locales/en.json",
        "hashed_secret": "198b73ffd1a6d9c83101382c6df255edac0d3625",
        "is_verified": false,
        "line_number": 78
      },
      {
        "type": "Secret Keyword",
        "filename": "src/locales/en.json",
        "hashed_secret": "40ee1297dca0e8745cff8afeb53b4166c7af4bb2",
        "is_verified": false,
        "line_number": 86
      },
      {
        "type": "Secret Keyword",
        "filename": "src/locales/en.json",
        "hashed_secret": "d69c3b1ac54be7da3666d9937b9c78e7c309d6e8",
        "is_verified": false,
        "line_number": 87
      },
      {
        "type": "Secret Keyword",
        "filename": "src/locales/en.json",
        "hashed_secret": "d850ee188c7c55b64bc3624534de5c5051a57dc6",
        "is_verified": false,
        "line_number": 112
      },
      {
        "type": "Secret Keyword",
        "filename": "src/locales/en.json",
        "hashed_secret": "9a439b8ba35c5bccd95b7f5d65f1f4a77759317a",
        "is_verified": false,
        "line_number": 113
      },
      {
        "type": "Secret Keyword",
        "filename": "src/locales/en.json",
        "hashed_secret": "4a7c565d4c4430e3bb8fa6c560125d5eb37e7c3d",
        "is_verified": false,
        "line_number": 114
      },
      {
        "type": "Secret Keyword",
        "filename": "src/locales/en.json",
        "hashed_secret": "366c2415f45eda358aa31b5d67c61f41a43a2bd0",
        "is_verified": false,
        "line_number": 115
      },
      {
        "type": "Secret Keyword",
        "filename": "src/locales/en.json",
        "hashed_secret": "350c355e16e3d9376089bcc83dc5a8a964d9a748",
        "is_verified": false,
        "line_number": 116
      },
      {
        "type": "Secret Keyword",
        "filename": "src/locales/en.json",
        "hashed_secret": "406b8dd96ec368bd2dd50f40021c96d0d737d108",
        "is_verified": false,
        "line_number": 125
      },
      {
        "type": "Secret Keyword",
        "filename": "src/locales/en.json",
        "hashed_secret": "afde23a7d3f53e30e94766f9626660af691ed96b",
        "is_verified": false,
        "line_number": 126
      },
      {
        "type": "Secret Keyword",
        "filename": "src/locales/en.json",
        "hashed_secret": "49289db43e663a3df5e2c70714722ecc54895565",
        "is_verified": false,
        "line_number": 1410
      },
      {
        "type": "Secret Keyword",
        "filename": "src/locales/en.json",
        "hashed_secret": "4d5967896006c8a626ecef45e6312f6fc7d5b52f",
        "is_verified": false,
        "line_number": 1411
      },
      {
        "type": "Secret Keyword",
        "filename": "src/locales/en.json",
        "hashed_secret": "4894cb39ee419a77b480060f3e4a6d0a4d0fa01f",
        "is_verified": false,
        "line_number": 1412
      },
      {
        "type": "Secret Keyword",
        "filename": "src/locales/en.json",
        "hashed_secret": "68dcd71ce6baa65ce1f3ddb3ead8f9e8f575e147",
        "is_verified": false,
        "line_number": 1413
      }
    ],
    "src/locales/pt.json": [
      {
        "type": "Secret Keyword",
        "filename": "src/locales/pt.json",
        "hashed_secret": "deba0172511d5701d964202f4e5de698d5e07c67",
        "is_verified": false,
        "line_number": 33
      },
      {
        "type": "Secret Keyword",
        "filename": "src/locales/pt.json",
        "hashed_secret": "d3370e54177221cd2fd8d70ff8aef6197053ab29",
        "is_verified": false,
        "line_number": 34
      },
      {
        "type": "Secret Keyword",
        "filename": "src/locales/pt.json",
        "hashed_secret": "ba06a1874a1c2732f6df7838b3eaa8d0bde8e34a",
        "is_verified": false,
        "line_number": 36
      },
      {
        "type": "Secret Keyword",
        "filename": "src/locales/pt.json",
        "hashed_secret": "53086fd5c0ad73ec2809dca5079153e70570408c",
        "is_verified": false,
        "line_number": 42
      },
      {
        "type": "Secret Keyword",
        "filename": "src/locales/pt.json",
        "hashed_secret": "256a78166d30210af682fdeab3588f1ffcad3cdd",
        "is_verified": false,
        "line_number": 61
      },
      {
        "type": "Secret Keyword",
        "filename": "src/locales/pt.json",
        "hashed_secret": "6d9129298ef5058bb568a75df1daa3171d2f6233",
        "is_verified": false,
        "line_number": 62
      },
      {
        "type": "Secret Keyword",
        "filename": "src/locales/pt.json",
        "hashed_secret": "d7c237cf03b5c7fc4a1617a64a4d52e931c86bca",
        "is_verified": false,
        "line_number": 70
      },
      {
        "type": "Secret Keyword",
        "filename": "src/locales/pt.json",
        "hashed_secret": "7caaac3befa935700513d4123b881c383af03452",
        "is_verified": false,
        "line_number": 71
      },
      {
        "type": "Secret Keyword",
        "filename": "src/locales/pt.json",
        "hashed_secret": "a0fe29bce7fdd0e1995e67fb74a6b831193c56ae",
        "is_verified": false,
        "line_number": 96
      },
      {
        "type": "Secret Keyword",
        "filename": "src/locales/pt.json",
        "hashed_secret": "7de73be13541943c339fae35c7e3b9fb2b0425fc",
        "is_verified": false,
        "line_number": 97
      },
      {
        "type": "Secret Keyword",
        "filename": "src/locales/pt.json",
        "hashed_secret": "9c469e53fd34bd270037c7e3309345e0383f7331",
        "is_verified": false,
        "line_number": 98
      },
      {
        "type": "Secret Keyword",
        "filename": "src/locales/pt.json",
        "hashed_secret": "1fc05590b34be170dd75b214653c6496d0b83d60",
        "is_verified": false,
        "line_number": 99
      },
      {
        "type": "Secret Keyword",
        "filename": "src/locales/pt.json",
        "hashed_secret": "a70dbf1ea1af652e4fd8ed9e96b1157ed0f29e8b",
        "is_verified": false,
        "line_number": 100
      },
      {
        "type": "Secret Keyword",
        "filename": "src/locales/pt.json",
        "hashed_secret": "4f254e9fa5cb3e6c820966f2f94b27b461a25714",
        "is_verified": false,
        "line_number": 109
      },
      {
        "type": "Secret Keyword",
        "filename": "src/locales/pt.json",
        "hashed_secret": "8cc96e995889688ffea3faa8bb07c4ebb6ee3c2f",
        "is_verified": false,
        "line_number": 110
      },
      {
        "type": "Secret Keyword",
        "filename": "src/locales/pt.json",
        "hashed_secret": "4307ac6814914760afcab08c898ee6b76c6058b2",
        "is_verified": false,
        "line_number": 1350
      },
      {
        "type": "Secret Keyword",
        "filename": "src/locales/pt.json",
        "hashed_secret": "d47ad93f8df2a3b04d7e35cd023ed0e66ef86d17",
        "is_verified": false,
        "line_number": 1351
      },
      {
        "type": "Secret Keyword",
        "filename": "src/locales/pt.json",
        "hashed_secret": "5bfe18ca5d4c81584399c794cf8ce4420b453173",
        "is_verified": false,
        "line_number": 1352
      },
      {
        "type": "Secret Keyword",
        "filename": "src/locales/pt.json",
        "hashed_secret": "1d913da66e5c6b830e84a59522b871bfe856f746",
        "is_verified": false,
        "line_number": 1353
      },
      {
        "type": "Secret Keyword",
        "filename": "src/locales/pt.json",
        "hashed_secret": "59e27f115bdeec71b833938db145db43fa0e1974",
        "is_verified": false,
        "line_number": 1354
      }
    ],
    "src/mocks/handlers.ts": [
      {
        "type": "Secret Keyword",
        "filename": "src/mocks/handlers.ts",
        "hashed_secret": "b57fa0798cf182195d00866158f0f022ad324741",
        "is_verified": false,
        "line_number": 440
      }
    ],
    "tests/helpers/mock-api.ts": [
      {
        "type": "Secret Keyword",
        "filename": "tests/helpers/mock-api.ts",
        "hashed_secret": "ecb252044b5ea0f679ee78ec1a12904739e2904d",
        "is_verified": false,
        "line_number": 649
      }
    ],
    "tests/helpers/test-data.ts": [
      {
        "type": "Secret Keyword",
        "filename": "tests/helpers/test-data.ts",
        "hashed_secret": "18d1008647b503103de8e0a3a1c58f3f81091d3e",
        "is_verified": false,
        "line_number": 25
      }
    ]
  },
  "generated_at": "2026-02-26T23:02:01Z"
}
